HI-TECH Software C Compiler 

Linker command line:

--edf=C:\Program Files (x86)\HI-TECH Software\PICC\9.80\dat\en_msgs.txt -cs \
  -h+program.sym -z -Q16F877A -ol.obj -Mprogram.map -E1 -ACONST=00h-0FFhx32 \
  -ACODE=00h-07FFhx4 -ASTRCODE=00h-01FFFh -AENTRY=00h-0FFhx32 \
  -ASTRING=00h-0FFhx32 -ABANK0=020h-06Fh -ABANK1=0A0h-0EFh \
  -ABANK2=0110h-016Fh -ABANK3=0190h-01EFh \
  -ARAM=020h-06Fh,0A0h-0EFh,0110h-016Fh,0190h-01EFh \
  -AABS1=020h-07Fh,0A0h-0EFh,0110h-016Fh,0190h-01EFh -ACOMMON=070h-07Fh \
  -ASFR0=00h-01Fh -ASFR1=080h-09Fh -ASFR2=0100h-010Fh -ASFR3=0180h-018Fh \
  -preset_vec=00h,intentry,init,end_init -ppowerup=CODE -pfunctab=CODE \
  -ACONFIG=02007h-02007h -pconfig=CONFIG -DCONFIG=2 -AIDLOC=02000h-02003h \
  -pidloc=IDLOC -DIDLOC=2 -AEEDATA=00h-0FFh/02100h -peeprom_data=EEDATA \
  -DEEDATA=2 -DCODE=2 -DSTRCODE=2 -DSTRING=2 -DCONST=2 -DENTRY=2 -k \
  startup.obj program.obj 

Object code version is 3.10

Machine type is 16F877A



                Name                               Link     Load   Length Selector   Space Scale
startup.obj     end_init                              0        0        3        0       0
program.obj     text160                             6E8      6E8       16      DD0       0
                text159                             6D3      6D3       15      DA6       0
                text158                             6FE      6FE       1B      DFC       0
                text157                             6BF      6BF       14      D7E       0
                maintext                            719      719       E7      E32       0
                cstackBANK0                          20       20       12       20       1
                cstackCOMMON                         70       70        A       70       1
                inittext                            69C      69C       11      D38       0
                dataBANK0                            32       32        E       20       1
                cinit                               6AD      6AD       12      D5A       0
                idataBANK0                          68E      68E        E      D1C       0

TOTAL           Name                               Link     Load   Length     Space
        CLASS   CONST          

        CLASS   CODE           
                end_init                              0        0        3         0
                text160                             6E8      6E8       16         0
                text159                             6D3      6D3       15         0
                text158                             6FE      6FE       1B         0
                text157                             6BF      6BF       14         0
                maintext                            719      719       E7         0
                inittext                            69C      69C       11         0
                cinit                               6AD      6AD       12         0
                idataBANK0                          68E      68E        E         0

        CLASS   STRCODE        

        CLASS   ENTRY          

        CLASS   STRING         

        CLASS   BANK0          
                cstackBANK0                          20       20       12         1
                dataBANK0                            32       32        E         1

        CLASS   BANK1          

        CLASS   BANK2          

        CLASS   BANK3          

        CLASS   RAM            

        CLASS   ABS1           
                abs_s1                               7E       7E        2         1

        CLASS   COMMON         
                cstackCOMMON                         70       70        A         1

        CLASS   SFR0           

        CLASS   SFR1           

        CLASS   SFR2           

        CLASS   SFR3           

        CLASS   CONFIG         

        CLASS   IDLOC          

        CLASS   EEDATA         



SEGMENTS        Name                           Load    Length   Top    Selector   Space  Class     Delta

                reset_vec                      000000  000003  000003         0       0  CODE        2
                cstackBANK0                    000020  000020  000040        20       1  BANK0       1
                cstackCOMMON                   000070  00000A  00007A        70       1  COMMON      1
                idataBANK0                     00068E  00000E  00069C       D1C       0  CODE        2
                inittext                       00069C  000011  0006AD       D38       0  CODE        2
                cinit                          0006AD  000012  0006BF       D5A       0  CODE        2
                text157                        0006BF  000014  0006D3       D7E       0  CODE        2
                text159                        0006D3  000015  0006E8       DA6       0  CODE        2
                text160                        0006E8  000016  0006FE       DD0       0  CODE        2
                text158                        0006FE  00001B  000719       DFC       0  CODE        2
                maintext                       000719  0000E7  000800       E32       0  CODE        2


UNUSED ADDRESS RANGES

        Name                Unused          Largest block    Delta
        BANK0            0040-006F             30           1
        BANK1            00A0-00EF             50           1
        BANK2            0110-016F             60           1
        BANK3            0190-01EF             60           1
        CODE             0003-068D            68B           2
                         0800-1FFF            800
        COMMON           007A-007D              4           1
        CONFIG           2007-2007              1           2
        CONST            0003-068D            100           2
                         0800-1FFF            100
        EEDATA           2100-21FF            100           2
        ENTRY            0003-068D            100           2
                         0800-1FFF            100
        IDLOC            2000-2003              4           2
        RAM              0040-006F             30           1
                         00A0-00EF             50
                         0110-016F             60
                         0190-01EF             60
        SFR0             0000-001F             20           1
        SFR1             0080-009F             20           1
        SFR2             0100-010F             10           1
        SFR3             0180-018F             10           1
        STRCODE          0003-068D            68B           2
                         0800-1FFF           1800
        STRING           0003-068D            100           2
                         0800-1FFF            100

                                  Symbol Table

??_EEPROM_read         cstackCOMMON 0072
??_EEPROM_write        cstackCOMMON 0074
??_cmd                 cstackCOMMON 0070
??_dat                 cstackCOMMON 0072
??_main                cstackCOMMON 0076
?_EEPROM_read          cstackCOMMON 0070
?_EEPROM_write         cstackCOMMON 0070
?_cmd                  cstackCOMMON 0070
?_dat                  cstackCOMMON 0070
?_main                 cstackCOMMON 0070
EEPROM_read@a          cstackCOMMON 0074
EEPROM_read@address    cstackCOMMON 0070
EEPROM_write@address   cstackCOMMON 0070
EEPROM_write@data      cstackCOMMON 0072
_EEADR                 (abs)        010D
_EECON2                (abs)        018D
_EEDATA                (abs)        010C
_EEPGD                 (abs)        0C67
_EEPROM_read           text158      06FE
_EEPROM_write          text160      06E8
_PORTC                 (abs)        0007
_PORTD                 (abs)        0008
_RC0                   (abs)        0038
_RC1                   (abs)        0039
_RC2                   (abs)        003A
_RD                    (abs)        0C60
_TRISC                 (abs)        0087
_TRISD                 (abs)        0088
_WR                    (abs)        0C61
_WREN                  (abs)        0C62
__Habs1                abs1         0000
__Hbank0               bank0        0000
__Hbank1               bank1        0000
__Hbank2               bank2        0000
__Hbank3               bank3        0000
__Hcinit               cinit        0000
__Hclrtext             clrtext      0000
__Hcode                code         0000
__Hcommon              common       0000
__Hconfig              config       0000
__HcstackBANK0         cstackBANK0  0000
__HcstackCOMMON        cstackCOMMON 0000
__HdataBANK0           dataBANK0    0000
__Heeprom_data         eeprom_data  0000
__Hend_init            end_init     0003
__Hfunctab             functab      0000
__HidataBANK0          idataBANK0   0000
__Hidloc               idloc        0000
__Hinit                init         0000
__Hinittext            inittext     0000
__Hintentry            intentry     0000
__Hmaintext            maintext     0000
__Hpowerup             powerup      0000
__Hram                 ram          0000
__Hreset_vec           reset_vec    0000
__Hsfr0                sfr0         0000
__Hsfr1                sfr1         0000
__Hsfr2                sfr2         0000
__Hsfr3                sfr3         0000
__Hstrings             strings      0000
__Htext                text         0000
__Labs1                abs1         0000
__Lbank0               bank0        0000
__Lbank1               bank1        0000
__Lbank2               bank2        0000
__Lbank3               bank3        0000
__Lcinit               cinit        0000
__Lclrtext             clrtext      0000
__Lcode                code         0000
__Lcommon              common       0000
__Lconfig              config       0000
__LcstackBANK0         cstackBANK0  0000
__LcstackCOMMON        cstackCOMMON 0000
__LdataBANK0           dataBANK0    0000
__Leeprom_data         eeprom_data  0000
__Lend_init            end_init     0000
__Lfunctab             functab      0000
__LidataBANK0          idataBANK0   0000
__Lidloc               idloc        0000
__Linit                init         0000
__Linittext            inittext     0000
__Lintentry            intentry     0000
__Lmaintext            maintext     0000
__Lpowerup             powerup      0000
__Lram                 ram          0000
__Lreset_vec           reset_vec    0000
__Lsfr0                sfr0         0000
__Lsfr1                sfr1         0000
__Lsfr2                sfr2         0000
__Lsfr3                sfr3         0000
__Lstrings             strings      0000
__Ltext                text         0000
__S0                   (abs)        0800
__S1                   (abs)        007A
__S2                   (abs)        0000
__end_of_EEPROM_read   text158      0719
__end_of_EEPROM_write  text160      06FE
__end_of_cmd           text159      06E8
__end_of_dat           text157      06D3
__end_of_main          maintext     0800
__pcstackBANK0         cstackBANK0  0020
__pcstackCOMMON        cstackCOMMON 0070
__pdataBANK0           dataBANK0    0032
__pidataBANK0          idataBANK0   068E
__pmaintext            maintext     0719
__ptext157             text157      06BF
__ptext158             text158      06FE
__ptext159             text159      06D3
__ptext160             text160      06E8
__ptext161             text161      0000
__size_of_EEPROM_read  (abs)        0000
__size_of_EEPROM_write (abs)        0000
__size_of_cmd          (abs)        0000
__size_of_dat          (abs)        0000
__size_of_main         (abs)        0000
_cmd                   text159      06D3
_dat                   text157      06BF
_exit                  init         0000
_main                  maintext     0719
btemp                  (abs)        007E
cmd@a                  cstackCOMMON 0072
dat@dis                cstackCOMMON 0070
end_of_initialization  cinit        06BB
init_fetch             inittext     069C
init_ram               inittext     06A0
intlevel0              functab      0000
intlevel1              functab      0000
intlevel2              functab      0000
intlevel3              functab      0000
intlevel4              functab      0000
intlevel5              functab      0000
main@F523              dataBANK0    0032
main@i                 cstackBANK0  0030
main@name              cstackBANK0  0020
main@stop              cstackBANK0  002E
reset_vec              reset_vec    0000
start                  init         0000
start_initialization   cinit        06AD
wtemp0                 (abs)        007E
