HI-TECH Software C Compiler 

Linker command line:

--edf=C:\Program Files (x86)\HI-TECH Software\PICC\9.80\dat\en_msgs.txt -cs \
  -h+program.sym -z -Q16F877A -ol.obj -Mprogram.map -E1 -ACONST=00h-0FFhx32 \
  -ACODE=00h-07FFhx4 -ASTRCODE=00h-01FFFh -AENTRY=00h-0FFhx32 \
  -ASTRING=00h-0FFhx32 -ABANK0=020h-06Fh -ABANK1=0A0h-0EFh \
  -ABANK2=0110h-016Fh -ABANK3=0190h-01EFh \
  -ARAM=020h-06Fh,0A0h-0EFh,0110h-016Fh,0190h-01EFh \
  -AABS1=020h-07Fh,0A0h-0EFh,0110h-016Fh,0190h-01EFh -ACOMMON=070h-07Fh \
  -ASFR0=00h-01Fh -ASFR1=080h-09Fh -ASFR2=0100h-010Fh -ASFR3=0180h-018Fh \
  -preset_vec=00h,intentry,init,end_init -ppowerup=CODE -pfunctab=CODE \
  -ACONFIG=02007h-02007h -pconfig=CONFIG -DCONFIG=2 -AIDLOC=02000h-02003h \
  -pidloc=IDLOC -DIDLOC=2 -AEEDATA=00h-0FFh/02100h -peeprom_data=EEDATA \
  -DEEDATA=2 -DCODE=2 -DSTRCODE=2 -DSTRING=2 -DCONST=2 -DENTRY=2 -k \
  startup.obj program.obj 

Object code version is 3.10

Machine type is 16F877A



                Name                               Link     Load   Length Selector   Space Scale
startup.obj     end_init                              0        0        3        0       0
program.obj     text94                              6D6      6D6       14      DAC       0
                text93                              701      701       18      E02       0
                text92                              6EA      6EA       17      DD4       0
                text91                              719      719       30      E32       0
                maintext                            749      749       B7      E92       0
                cstackCOMMON                         70       70        E       70       1
                cinit                               6D2      6D2        4      DA4       0
                strings                               3        3       18        6       0

TOTAL           Name                               Link     Load   Length     Space
        CLASS   CONST          

        CLASS   CODE           
                end_init                              0        0        3         0
                text94                              6D6      6D6       14         0
                text93                              701      701       18         0
                text92                              6EA      6EA       17         0
                text91                              719      719       30         0
                maintext                            749      749       B7         0
                cinit                               6D2      6D2        4         0

        CLASS   STRCODE        

        CLASS   ENTRY          

        CLASS   STRING         
                strings                               3        3       18         0

        CLASS   BANK0          

        CLASS   BANK1          

        CLASS   BANK2          

        CLASS   BANK3          

        CLASS   RAM            

        CLASS   ABS1           
                abs_s1                               7E       7E        2         1

        CLASS   COMMON         
                cstackCOMMON                         70       70        E         1

        CLASS   SFR0           

        CLASS   SFR1           

        CLASS   SFR2           

        CLASS   SFR3           

        CLASS   CONFIG         

        CLASS   IDLOC          

        CLASS   EEDATA         



SEGMENTS        Name                           Load    Length   Top    Selector   Space  Class     Delta

                reset_vec                      000000  000003  000003         0       0  CODE        2
                strings                        000003  000018  00001B         6       0  STRING      2
                cstackCOMMON                   000070  00000E  00007E        70       1  COMMON      1
                cinit                          0006D2  000004  0006D6       DA4       0  CODE        2
                text94                         0006D6  000014  0006EA       DAC       0  CODE        2
                text92                         0006EA  000017  000701       DD4       0  CODE        2
                text93                         000701  000018  000719       E02       0  CODE        2
                text91                         000719  000030  000749       E32       0  CODE        2
                maintext                       000749  0000B7  000800       E92       0  CODE        2


UNUSED ADDRESS RANGES

        Name                Unused          Largest block    Delta
        BANK0            0020-006F             50           1
        BANK1            00A0-00EF             50           1
        BANK2            0110-016F             60           1
        BANK3            0190-01EF             60           1
        CODE             001B-06D1            6B7           2
                         0800-1FFF            800
        CONFIG           2007-2007              1           2
        CONST            001B-06D1            100           2
                         0800-1FFF            100
        EEDATA           2100-21FF            100           2
        ENTRY            001B-06D1            100           2
                         0800-1FFF            100
        IDLOC            2000-2003              4           2
        RAM              0020-006F             50           1
                         00A0-00EF             50
                         0110-016F             60
                         0190-01EF             60
        SFR0             0000-001F             20           1
        SFR1             0080-009F             20           1
        SFR2             0100-010F             10           1
        SFR3             0180-018F             10           1
        STRCODE          001B-06D1            6B7           2
                         0800-1FFF           1800
        STRING           001B-06D1            100           2
                         0800-1FFF            100

                                  Symbol Table

??_cmd                cstackCOMMON 0070
??_dis                cstackCOMMON 0072
??_main               cstackCOMMON 007B
??_print              cstackCOMMON 0076
??_waiting            cstackCOMMON 0070
?_cmd                 cstackCOMMON 0070
?_dis                 cstackCOMMON 0070
?_main                cstackCOMMON 0070
?_print               cstackCOMMON 0074
?_waiting             cstackCOMMON 0070
_PORTB                (abs)        0006
_PORTC                (abs)        0007
_PORTD                (abs)        0008
_RC0                  (abs)        0038
_RC1                  (abs)        0039
_RC2                  (abs)        003A
_RCIF                 (abs)        0065
_RCREG                (abs)        001A
_RCSTA                (abs)        0018
_RD0                  (abs)        0040
_RD1                  (abs)        0041
_RW                   (abs)        04A2
_SPBRG                (abs)        0099
_TRISB                (abs)        0086
_TRISC                (abs)        0087
_TRISD                (abs)        0088
_TXSTA                (abs)        0098
__Habs1               abs1         0000
__Hbank0              bank0        0000
__Hbank1              bank1        0000
__Hbank2              bank2        0000
__Hbank3              bank3        0000
__Hcinit              cinit        0000
__Hclrtext            clrtext      0000
__Hcode               code         0000
__Hcommon             common       0000
__Hconfig             config       0000
__HcstackCOMMON       cstackCOMMON 0000
__Heeprom_data        eeprom_data  0000
__Hend_init           end_init     0003
__Hfunctab            functab      0000
__Hidloc              idloc        0000
__Hinit               init         0000
__Hintentry           intentry     0000
__Hmaintext           maintext     0000
__Hpowerup            powerup      0000
__Hram                ram          0000
__Hreset_vec          reset_vec    0000
__Hsfr0               sfr0         0000
__Hsfr1               sfr1         0000
__Hsfr2               sfr2         0000
__Hsfr3               sfr3         0000
__Hstrings            strings      0000
__Htext               text         0000
__Labs1               abs1         0000
__Lbank0              bank0        0000
__Lbank1              bank1        0000
__Lbank2              bank2        0000
__Lbank3              bank3        0000
__Lcinit              cinit        0000
__Lclrtext            clrtext      0000
__Lcode               code         0000
__Lcommon             common       0000
__Lconfig             config       0000
__LcstackCOMMON       cstackCOMMON 0000
__Leeprom_data        eeprom_data  0000
__Lend_init           end_init     0000
__Lfunctab            functab      0000
__Lidloc              idloc        0000
__Linit               init         0000
__Lintentry           intentry     0000
__Lmaintext           maintext     0000
__Lpowerup            powerup      0000
__Lram                ram          0000
__Lreset_vec          reset_vec    0000
__Lsfr0               sfr0         0000
__Lsfr1               sfr1         0000
__Lsfr2               sfr2         0000
__Lsfr3               sfr3         0000
__Lstrings            strings      0000
__Ltext               text         0000
__S0                  (abs)        0800
__S1                  (abs)        007E
__S2                  (abs)        0000
__end_of_cmd          text93       0719
__end_of_dis          text92       0701
__end_of_main         maintext     0800
__end_of_print        text91       0749
__end_of_waiting      text94       06EA
__pcstackCOMMON       cstackCOMMON 0070
__pmaintext           maintext     0749
__pstrings            strings      0003
__ptext90             text90       0000
__ptext91             text91       0719
__ptext92             text92       06EA
__ptext93             text93       0701
__ptext94             text94       06D6
__ptext95             text95       0000
__size_of_cmd         (abs)        0000
__size_of_dis         (abs)        0000
__size_of_main        (abs)        0000
__size_of_print       (abs)        0000
__size_of_waiting     (abs)        0000
_cmd                  text93       0701
_dis                  text92       06EA
_exit                 init         0000
_main                 maintext     0749
_print                text91       0719
_waiting              text94       06D6
btemp                 (abs)        007E
cmd@a                 cstackCOMMON 0072
dis@dat               cstackCOMMON 0070
end_of_initialization cinit        06D2
intlevel0             functab      0000
intlevel1             functab      0000
intlevel2             functab      0000
intlevel3             functab      0000
intlevel4             functab      0000
intlevel5             functab      0000
print@a               cstackCOMMON 0074
print@i               cstackCOMMON 0079
print@name            cstackCOMMON 0078
reset_vec             reset_vec    0000
start                 init         0000
start_initialization  cinit        06D2
waiting@data          cstackCOMMON 0070
wtemp0                (abs)        007E
