HI-TECH Software C Compiler 

Linker command line:

--edf=C:\Program Files (x86)\HI-TECH Software\PICC\9.80\dat\en_msgs.txt -cs \
  -h+program.sym -z -Q16F877A -ol.obj -Mprogram.map -E1 -ACONST=00h-0FFhx32 \
  -ACODE=00h-07FFhx4 -ASTRCODE=00h-01FFFh -AENTRY=00h-0FFhx32 \
  -ASTRING=00h-0FFhx32 -ABANK0=020h-06Fh -ABANK1=0A0h-0EFh \
  -ABANK2=0110h-016Fh -ABANK3=0190h-01EFh \
  -ARAM=020h-06Fh,0A0h-0EFh,0110h-016Fh,0190h-01EFh \
  -AABS1=020h-07Fh,0A0h-0EFh,0110h-016Fh,0190h-01EFh -ACOMMON=070h-07Fh \
  -ASFR0=00h-01Fh -ASFR1=080h-09Fh -ASFR2=0100h-010Fh -ASFR3=0180h-018Fh \
  -preset_vec=00h,intentry,init,end_init -ppowerup=CODE -pfunctab=CODE \
  -ACONFIG=02007h-02007h -pconfig=CONFIG -DCONFIG=2 -AIDLOC=02000h-02003h \
  -pidloc=IDLOC -DIDLOC=2 -AEEDATA=00h-0FFh/02100h -peeprom_data=EEDATA \
  -DEEDATA=2 -DCODE=2 -DSTRCODE=2 -DSTRING=2 -DCONST=2 -DENTRY=2 -k \
  startup.obj program.obj 

Object code version is 3.10

Machine type is 16F877A



                Name                               Link     Load   Length Selector   Space Scale
startup.obj     end_init                              0        0        3        0       0
program.obj     text175                             5A2      5A2        D      B44       0
                text174                             5C2      5C2       15      B84       0
                text173                             5D7      5D7       44      BAE       0
                text172                             5AF      5AF       13      B5E       0
                text171                             61B      61B       6A      C36       0
                maintext                            685      685      17B      D0A       0
                cstackBANK0                          20       20        3       20       1
                cstackCOMMON                         70       70        C       70       1
                cinit                               59E      59E        4      B3C       0

TOTAL           Name                               Link     Load   Length     Space
        CLASS   CONST          

        CLASS   CODE           
                end_init                              0        0        3         0
                text175                             5A2      5A2        D         0
                text174                             5C2      5C2       15         0
                text173                             5D7      5D7       44         0
                text172                             5AF      5AF       13         0
                text171                             61B      61B       6A         0
                maintext                            685      685      17B         0
                cinit                               59E      59E        4         0

        CLASS   STRCODE        

        CLASS   ENTRY          

        CLASS   STRING         

        CLASS   BANK0          
                cstackBANK0                          20       20        3         1

        CLASS   BANK1          

        CLASS   BANK2          

        CLASS   BANK3          

        CLASS   RAM            

        CLASS   ABS1           
                abs_s1                               7E       7E        2         1

        CLASS   COMMON         
                cstackCOMMON                         70       70        C         1

        CLASS   SFR0           

        CLASS   SFR1           

        CLASS   SFR2           

        CLASS   SFR3           

        CLASS   CONFIG         

        CLASS   IDLOC          

        CLASS   EEDATA         



SEGMENTS        Name                           Load    Length   Top    Selector   Space  Class     Delta

                reset_vec                      000000  000003  000003         0       0  CODE        2
                cstackBANK0                    000020  000003  000023        20       1  BANK0       1
                cstackCOMMON                   000070  00000C  00007C        70       1  COMMON      1
                cinit                          00059E  000004  0005A2       B3C       0  CODE        2
                text175                        0005A2  00000D  0005AF       B44       0  CODE        2
                text172                        0005AF  000013  0005C2       B5E       0  CODE        2
                text174                        0005C2  000015  0005D7       B84       0  CODE        2
                text173                        0005D7  000044  00061B       BAE       0  CODE        2
                text171                        00061B  00006A  000685       C36       0  CODE        2
                maintext                       000685  00017B  000800       D0A       0  CODE        2


UNUSED ADDRESS RANGES

        Name                Unused          Largest block    Delta
        BANK0            0023-006F             4D           1
        BANK1            00A0-00EF             50           1
        BANK2            0110-016F             60           1
        BANK3            0190-01EF             60           1
        CODE             0003-059D            59B           2
                         0800-1FFF            800
        COMMON           007C-007D              2           1
        CONFIG           2007-2007              1           2
        CONST            0003-059D            100           2
                         0800-1FFF            100
        EEDATA           2100-21FF            100           2
        ENTRY            0003-059D            100           2
                         0800-1FFF            100
        IDLOC            2000-2003              4           2
        RAM              0023-006F             4D           1
                         00A0-00EF             50
                         0110-016F             60
                         0190-01EF             60
        SFR0             0000-001F             20           1
        SFR1             0080-009F             20           1
        SFR2             0100-010F             10           1
        SFR3             0180-018F             10           1
        STRCODE          0003-059D            59B           2
                         0800-1FFF           1800
        STRING           0003-059D            100           2
                         0800-1FFF            100

                                  Symbol Table

??_I2C_INIT           cstackCOMMON 0070
??_I2C_READ           cstackCOMMON 0078
??_I2C_WRITE          cstackCOMMON 0076
??_cmd                cstackCOMMON 0070
??_dis                cstackCOMMON 0072
??_main               cstackBANK0  0020
?_I2C_INIT            cstackCOMMON 0070
?_I2C_READ            cstackCOMMON 0074
?_I2C_WRITE           cstackCOMMON 0070
?_cmd                 cstackCOMMON 0070
?_dis                 cstackCOMMON 0070
?_main                cstackCOMMON 0070
I2C_READ@data         cstackCOMMON 007A
I2C_READ@high         cstackCOMMON 0074
I2C_READ@low          cstackCOMMON 0076
I2C_WRITE@data        cstackCOMMON 0074
I2C_WRITE@high        cstackCOMMON 0070
I2C_WRITE@low         cstackCOMMON 0072
_ACKDT                (abs)        048D
_ACKEN                (abs)        048C
_I2C_INIT             text175      05A2
_I2C_READ             text171      061B
_I2C_WRITE            text173      05D7
_PEN                  (abs)        048A
_PORTB                (abs)        0006
_PORTC                (abs)        0007
_PORTD                (abs)        0008
_RB0                  (abs)        0030
_RB1                  (abs)        0031
_RB2                  (abs)        0032
_RCEN                 (abs)        048B
_RCSTA                (abs)        0018
_RSEN                 (abs)        0489
_SEN                  (abs)        0488
_SPBRG                (abs)        0099
_SSPADD               (abs)        0093
_SSPBUF               (abs)        0013
_SSPCON               (abs)        0014
_SSPCON2              (abs)        0091
_SSPIF                (abs)        0063
_SSPSTAT              (abs)        0094
_TRISB                (abs)        0086
_TRISD                (abs)        0088
_TXREG                (abs)        0019
_TXSTA                (abs)        0098
__Habs1               abs1         0000
__Hbank0              bank0        0000
__Hbank1              bank1        0000
__Hbank2              bank2        0000
__Hbank3              bank3        0000
__Hcinit              cinit        0000
__Hclrtext            clrtext      0000
__Hcode               code         0000
__Hcommon             common       0000
__Hconfig             config       0000
__HcstackBANK0        cstackBANK0  0000
__HcstackCOMMON       cstackCOMMON 0000
__Heeprom_data        eeprom_data  0000
__Hend_init           end_init     0003
__Hfunctab            functab      0000
__Hidloc              idloc        0000
__Hinit               init         0000
__Hintentry           intentry     0000
__Hmaintext           maintext     0000
__Hpowerup            powerup      0000
__Hram                ram          0000
__Hreset_vec          reset_vec    0000
__Hsfr0               sfr0         0000
__Hsfr1               sfr1         0000
__Hsfr2               sfr2         0000
__Hsfr3               sfr3         0000
__Hstrings            strings      0000
__Htext               text         0000
__Labs1               abs1         0000
__Lbank0              bank0        0000
__Lbank1              bank1        0000
__Lbank2              bank2        0000
__Lbank3              bank3        0000
__Lcinit              cinit        0000
__Lclrtext            clrtext      0000
__Lcode               code         0000
__Lcommon             common       0000
__Lconfig             config       0000
__LcstackBANK0        cstackBANK0  0000
__LcstackCOMMON       cstackCOMMON 0000
__Leeprom_data        eeprom_data  0000
__Lend_init           end_init     0000
__Lfunctab            functab      0000
__Lidloc              idloc        0000
__Linit               init         0000
__Lintentry           intentry     0000
__Lmaintext           maintext     0000
__Lpowerup            powerup      0000
__Lram                ram          0000
__Lreset_vec          reset_vec    0000
__Lsfr0               sfr0         0000
__Lsfr1               sfr1         0000
__Lsfr2               sfr2         0000
__Lsfr3               sfr3         0000
__Lstrings            strings      0000
__Ltext               text         0000
__S0                  (abs)        0800
__S1                  (abs)        007C
__S2                  (abs)        0000
__end_of_I2C_INIT     text175      05AF
__end_of_I2C_READ     text171      0685
__end_of_I2C_WRITE    text173      061B
__end_of_cmd          text174      05D7
__end_of_dis          text172      05C2
__end_of_main         maintext     0800
__pcstackBANK0        cstackBANK0  0020
__pcstackCOMMON       cstackCOMMON 0070
__pmaintext           maintext     0685
__ptext170            text170      0000
__ptext171            text171      061B
__ptext172            text172      05AF
__ptext173            text173      05D7
__ptext174            text174      05C2
__ptext175            text175      05A2
__ptext176            text176      0000
__size_of_I2C_INIT    (abs)        0000
__size_of_I2C_READ    (abs)        0000
__size_of_I2C_WRITE   (abs)        0000
__size_of_cmd         (abs)        0000
__size_of_dis         (abs)        0000
__size_of_main        (abs)        0000
_cmd                  text174      05C2
_dis                  text172      05AF
_exit                 init         0000
_main                 maintext     0685
btemp                 (abs)        007E
cmd@a                 cstackCOMMON 0072
dis@dat               cstackCOMMON 0070
end_of_initialization cinit        059E
intlevel0             functab      0000
intlevel1             functab      0000
intlevel2             functab      0000
intlevel3             functab      0000
intlevel4             functab      0000
intlevel5             functab      0000
reset_vec             reset_vec    0000
start                 init         0000
start_initialization  cinit        059E
wtemp0                (abs)        007E
