HI-TECH Software C Compiler 

Linker command line:

--edf=C:\Program Files (x86)\HI-TECH Software\PICC\9.80\dat\en_msgs.txt -cs \
  -h+program.sym -z -Q16F877A -ol.obj -Mprogram.map -E1 -ACONST=00h-0FFhx32 \
  -ACODE=00h-07FFhx4 -ASTRCODE=00h-01FFFh -AENTRY=00h-0FFhx32 \
  -ASTRING=00h-0FFhx32 -ABANK0=020h-06Fh -ABANK1=0A0h-0EFh \
  -ABANK2=0110h-016Fh -ABANK3=0190h-01EFh \
  -ARAM=020h-06Fh,0A0h-0EFh,0110h-016Fh,0190h-01EFh \
  -AABS1=020h-07Fh,0A0h-0EFh,0110h-016Fh,0190h-01EFh -ACOMMON=070h-07Fh \
  -ASFR0=00h-01Fh -ASFR1=080h-09Fh -ASFR2=0100h-010Fh -ASFR3=0180h-018Fh \
  -preset_vec=00h,intentry,init,end_init -ppowerup=CODE -pfunctab=CODE \
  -ACONFIG=02007h-02007h -pconfig=CONFIG -DCONFIG=2 -AIDLOC=02000h-02003h \
  -pidloc=IDLOC -DIDLOC=2 -AEEDATA=00h-0FFh/02100h -peeprom_data=EEDATA \
  -DEEDATA=2 -DCODE=2 -DSTRCODE=2 -DSTRING=2 -DCONST=2 -DENTRY=2 -k \
  startup.obj program.obj 

Object code version is 3.10

Machine type is 16F877A



                Name                               Link     Load   Length Selector   Space Scale
startup.obj     end_init                              0        0        3        0       0
program.obj     text529                            1630     1630       E2     2C60       0
                text528                             BED      BED      154     17DA       0
                text527                            11DF     11DF       1F     23BE       0
                text526                            11FE     11FE       2C     23FC       0
                text525                            1474     1474       7B     28E8       0
                text524                             814      814       A6     1028       0
                text523                            14EF     14EF       7B     29DE       0
                text522                            12D2     12D2       5E     25A4       0
                text521                            11C0     11C0        C     2380       0
                text520                            139A     139A       6C     2734       0
                text519                            1406     1406       6E     280C       0
                text518                            1330     1330       6A     2660       0
                text517                             800      800       14      3A8       0
                text516                             9AB      9AB       F8     1356       0
                text515                            11CC     11CC       13     2398       0
                text514                             AA3      AA3      14A     1546       0
                text513                            156A     156A       C6     2AD4       0
                text512                            1712     1712       EE     2E24       0
                text511                            122A     122A       2C     2454       0
                text510                            1256     1256       36     24AC       0
                text509                              29       29      1AB       52       0
                text508                             D41      D41      2BF     1A82       0
                text507                               A        A       1F       14       0
                text506                             1D4      1D4      62C      3A8       0
                text505                             8BA      8BA       F1     1174       0
                maintext                           128C     128C       46     2518       0
                cstackBANK0                          20       20       4E       20       1
                cstackCOMMON                         70       70        E       70       1
                cstackBANK1                          A0       A0       2E       A0       1
                cinit                                 6        6        4        C       0
                strings                            1000     1000       7F     2000       0

TOTAL           Name                               Link     Load   Length     Space
        CLASS   CONST          

        CLASS   CODE           
                end_init                              0        0        3         0
                text529                            1630     1630       E2         0
                text528                             BED      BED      154         0
                text527                            11DF     11DF       1F         0
                text526                            11FE     11FE       2C         0
                text525                            1474     1474       7B         0
                text524                             814      814       A6         0
                text523                            14EF     14EF       7B         0
                text522                            12D2     12D2       5E         0
                text521                            11C0     11C0        C         0
                text520                            139A     139A       6C         0
                text519                            1406     1406       6E         0
                text518                            1330     1330       6A         0
                text517                             800      800       14         0
                text516                             9AB      9AB       F8         0
                text515                            11CC     11CC       13         0
                text514                             AA3      AA3      14A         0
                text513                            156A     156A       C6         0
                text512                            1712     1712       EE         0
                text511                            122A     122A       2C         0
                text510                            1256     1256       36         0
                text509                              29       29      1AB         0
                text508                             D41      D41      2BF         0
                text507                               A        A       1F         0
                text506                             1D4      1D4      62C         0
                text505                             8BA      8BA       F1         0
                maintext                           128C     128C       46         0
                cinit                                 6        6        4         0

        CLASS   STRCODE        

        CLASS   ENTRY          

        CLASS   STRING         
                strings                            1000     1000       7F         0

        CLASS   BANK0          
                cstackBANK0                          20       20       4E         1

        CLASS   BANK1          
                cstackBANK1                          A0       A0       2E         1

        CLASS   BANK2          

        CLASS   BANK3          

        CLASS   RAM            

        CLASS   ABS1           
                abs_s1                               7E       7E        2         1

        CLASS   COMMON         
                cstackCOMMON                         70       70        E         1

        CLASS   SFR0           

        CLASS   SFR1           

        CLASS   SFR2           

        CLASS   SFR3           

        CLASS   CONFIG         

        CLASS   IDLOC          

        CLASS   EEDATA         



SEGMENTS        Name                           Load    Length   Top    Selector   Space  Class     Delta

                reset_vec                      000000  000003  000003         0       0  CODE        2
                cinit                          000006  000004  00000A         C       0  CODE        2
                text507                        00000A  00001F  000029        14       0  CODE        2
                cstackBANK0                    000020  00004E  00006E        20       1  BANK0       1
                text509                        000029  0001AB  0001D4        52       0  CODE        2
                cstackCOMMON                   000070  00000E  00007E        70       1  COMMON      1
                cstackBANK1                    0000A0  00002E  0000CE        A0       1  BANK1       1
                text506                        0001D4  000640  000814       3A8       0  CODE        2
                text524                        000814  0000A6  0008BA      1028       0  CODE        2
                text505                        0008BA  0000F1  0009AB      1174       0  CODE        2
                text516                        0009AB  0000F8  000AA3      1356       0  CODE        2
                text514                        000AA3  00014A  000BED      1546       0  CODE        2
                text528                        000BED  000154  000D41      17DA       0  CODE        2
                text508                        000D41  0002BF  001000      1A82       0  CODE        2
                strings                        001000  00007F  00107F      2000       0  STRING      2
                text521                        0011C0  00000C  0011CC      2380       0  CODE        2
                text515                        0011CC  000013  0011DF      2398       0  CODE        2
                text527                        0011DF  00001F  0011FE      23BE       0  CODE        2
                text526                        0011FE  00002C  00122A      23FC       0  CODE        2
                text511                        00122A  00002C  001256      2454       0  CODE        2
                text510                        001256  000036  00128C      24AC       0  CODE        2
                maintext                       00128C  000046  0012D2      2518       0  CODE        2
                text522                        0012D2  00005E  001330      25A4       0  CODE        2
                text518                        001330  00006A  00139A      2660       0  CODE        2
                text520                        00139A  00006C  001406      2734       0  CODE        2
                text519                        001406  00006E  001474      280C       0  CODE        2
                text525                        001474  00007B  0014EF      28E8       0  CODE        2
                text523                        0014EF  00007B  00156A      29DE       0  CODE        2
                text513                        00156A  0000C6  001630      2AD4       0  CODE        2
                text529                        001630  0000E2  001712      2C60       0  CODE        2
                text512                        001712  0000EE  001800      2E24       0  CODE        2


UNUSED ADDRESS RANGES

        Name                Unused          Largest block    Delta
        BANK0            006E-006F              2           1
        BANK1            00CE-00EF             22           1
        BANK2            0110-016F             60           1
        BANK3            0190-01EF             60           1
        CODE             0003-0005              3           2
                         107F-11BF            141
                         1800-1FFF            800
        CONFIG           2007-2007              1           2
        CONST            0003-0005              3           2
                         107F-11BF             81
                         1800-1FFF            100
        EEDATA           2100-21FF            100           2
        ENTRY            0003-0005              3           2
                         107F-11BF             81
                         1800-1FFF            100
        IDLOC            2000-2003              4           2
        RAM              006E-006F              2           1
                         00CE-00EF             22
                         0110-016F             60
                         0190-01EF             60
        SFR0             0000-001F             20           1
        SFR1             0080-009F             20           1
        SFR2             0100-010F             10           1
        SFR3             0180-018F             10           1
        STRCODE          0003-0005              3           2
                         107F-11BF            141
                         1800-1FFF            800
        STRING           0003-0005              3           2
                         107F-11BF             81
                         1800-1FFF            100

                                  Symbol Table

??_ADC                 cstackBANK0  006C
??_DC_ADC              cstackCOMMON 0070
??___awdiv             cstackCOMMON 007B
??___awmod             cstackCOMMON 0074
??___awtoft            cstackCOMMON 007B
??___bmul              cstackCOMMON 007C
??___ftadd             cstackBANK0  004B
??___ftdiv             cstackBANK0  0020
??___ftge              cstackCOMMON 0076
??___ftmul             cstackBANK0  003B
??___ftneg             cstackCOMMON 0073
??___ftpack            cstackCOMMON 0075
??___ftsub             cstackCOMMON 007E
??___fttol             cstackBANK0  002B
??___lldiv             cstackCOMMON 0078
??___llmod             cstackBANK0  0028
??___lltoft            cstackCOMMON 007C
??___wmul              cstackCOMMON 0074
??__div_to_l_          cstackCOMMON 0076
??__tdiv_to_l_         cstackCOMMON 0076
??_cmd                 cstackCOMMON 0070
??_dat                 cstackCOMMON 0072
??_fround              cstackBANK0  0055
??_main                cstackCOMMON 007E
??_scale               cstackBANK0  0048
??_sprintf             cstackBANK0  0066
?_ADC                  cstackCOMMON 0070
?_DC_ADC               cstackCOMMON 0070
?___awdiv              cstackCOMMON 0077
?___awmod              cstackCOMMON 0070
?___awtoft             cstackCOMMON 0078
?___bmul               cstackBANK0  0024
?___ftadd              cstackBANK0  0045
?___ftdiv              cstackCOMMON 0078
?___ftge               cstackCOMMON 0070
?___ftmul              cstackBANK0  0035
?___ftneg              cstackCOMMON 0070
?___ftpack             cstackCOMMON 0070
?___ftsub              cstackBANK0  0052
?___fttol              cstackBANK0  0027
?___lldiv              cstackCOMMON 0070
?___llmod              cstackBANK0  0020
?___lltoft             cstackCOMMON 0078
?___wmul               cstackCOMMON 0070
?__div_to_l_           cstackCOMMON 0070
?__tdiv_to_l_          cstackCOMMON 0070
?_cmd                  cstackCOMMON 0070
?_dat                  cstackCOMMON 0070
?_fround               cstackBANK0  0052
?_main                 cstackCOMMON 0070
?_scale                cstackBANK0  0045
?_sprintf              cstackBANK0  0062
ADC@ADVAL              cstackBANK1  00C1
ADC@RESO               cstackBANK1  00C4
ADC@arr                cstackBANK1  00B7
ADC@i                  cstackBANK1  00CC
ADC@mapping            cstackBANK1  00C7
ADC@result             cstackBANK1  00C9
DC_ADC@ADVAL1          cstackCOMMON 0074
DC_ADC@i               cstackCOMMON 0072
_ADC                   text505      08BA
_ADCON0                (abs)        001F
_ADCON1                (abs)        009F
_ADRESH                (abs)        001E
_ADRESL                (abs)        009E
_CCP1CON               (abs)        0017
_CCPR1L                (abs)        0015
_DC_ADC                text516      09AB
_GODONE                (abs)        00FA
_PORTB                 (abs)        0006
_PORTC                 (abs)        0007
_PORTD                 (abs)        0008
_PR2                   (abs)        0092
_RB1                   (abs)        0031
_RB2                   (abs)        0032
_RB3                   (abs)        0033
_RB4                   (abs)        0034
_RB5                   (abs)        0035
_RB6                   (abs)        0036
_RC0                   (abs)        0038
_RC1                   (abs)        0039
_T2CON                 (abs)        0012
_TRISA                 (abs)        0085
_TRISB                 (abs)        0086
_TRISC                 (abs)        0087
_TRISD                 (abs)        0088
__Habs1                abs1         0000
__Hbank0               bank0        0000
__Hbank1               bank1        0000
__Hbank2               bank2        0000
__Hbank3               bank3        0000
__Hcinit               cinit        0000
__Hclrtext             clrtext      0000
__Hcode                code         0000
__Hcommon              common       0000
__Hconfig              config       0000
__HcstackBANK0         cstackBANK0  0000
__HcstackBANK1         cstackBANK1  0000
__HcstackCOMMON        cstackCOMMON 0000
__Heeprom_data         eeprom_data  0000
__Hend_init            end_init     0003
__Hfunctab             functab      0000
__Hidloc               idloc        0000
__Hinit                init         0000
__Hintentry            intentry     0000
__Hmaintext            maintext     0000
__Hpowerup             powerup      0000
__Hram                 ram          0000
__Hreset_vec           reset_vec    0000
__Hsfr0                sfr0         0000
__Hsfr1                sfr1         0000
__Hsfr2                sfr2         0000
__Hsfr3                sfr3         0000
__Hstrings             strings      0000
__Htext                text         0000
__Labs1                abs1         0000
__Lbank0               bank0        0000
__Lbank1               bank1        0000
__Lbank2               bank2        0000
__Lbank3               bank3        0000
__Lcinit               cinit        0000
__Lclrtext             clrtext      0000
__Lcode                code         0000
__Lcommon              common       0000
__Lconfig              config       0000
__LcstackBANK0         cstackBANK0  0000
__LcstackBANK1         cstackBANK1  0000
__LcstackCOMMON        cstackCOMMON 0000
__Leeprom_data         eeprom_data  0000
__Lend_init            end_init     0000
__Lfunctab             functab      0000
__Lidloc               idloc        0000
__Linit                init         0000
__Lintentry            intentry     0000
__Lmaintext            maintext     0000
__Lpowerup             powerup      0000
__Lram                 ram          0000
__Lreset_vec           reset_vec    0000
__Lsfr0                sfr0         0000
__Lsfr1                sfr1         0000
__Lsfr2                sfr2         0000
__Lsfr3                sfr3         0000
__Lstrings             strings      0000
__Ltext                text         0000
__S0                   (abs)        1800
__S1                   (abs)        00CE
__S2                   (abs)        0000
___awdiv               text523      14EF
___awdiv@counter       cstackBANK0  0020
___awdiv@dividend      cstackCOMMON 0079
___awdiv@divisor       cstackCOMMON 0077
___awdiv@quotient      cstackBANK0  0022
___awdiv@sign          cstackBANK0  0021
___awmod               text518      1330
___awmod@counter       cstackCOMMON 0075
___awmod@dividend      cstackCOMMON 0072
___awmod@divisor       cstackCOMMON 0070
___awmod@sign          cstackCOMMON 0076
___awtoft              text511      122A
___awtoft@c            cstackCOMMON 0078
___awtoft@sign         cstackCOMMON 007D
___bmul                text527      11DF
___bmul@multiplicand   cstackBANK0  0024
___bmul@multiplier     cstackBANK0  0026
___bmul@product        cstackBANK0  0025
___ftadd               text514      0AA3
___ftadd@exp1          cstackBANK0  0051
___ftadd@exp2          cstackBANK0  0050
___ftadd@f1            cstackBANK0  0045
___ftadd@f2            cstackBANK0  0048
___ftadd@sign          cstackBANK0  004F
___ftdiv               text513      156A
___ftdiv@cntr          cstackBANK0  0024
___ftdiv@exp           cstackBANK0  0028
___ftdiv@f1            cstackCOMMON 007B
___ftdiv@f2            cstackCOMMON 0078
___ftdiv@f3            cstackBANK0  0025
___ftdiv@sign          cstackBANK0  0029
___ftge                text520      139A
___ftge@ff1            cstackCOMMON 0070
___ftge@ff2            cstackCOMMON 0073
___ftmul               text512      1712
___ftmul@cntr          cstackBANK0  0043
___ftmul@exp           cstackBANK0  003F
___ftmul@f1            cstackBANK0  0035
___ftmul@f2            cstackBANK0  0038
___ftmul@f3_as_product cstackBANK0  0040
___ftmul@sign          cstackBANK0  0044
___ftneg               text521      11C0
___ftneg@f1            cstackCOMMON 0070
___ftpack              text525      1474
___ftpack@arg          cstackCOMMON 0070
___ftpack@exp          cstackCOMMON 0073
___ftpack@sign         cstackCOMMON 0074
___ftsub               text507      000A
___ftsub@f1            cstackBANK0  0055
___ftsub@f2            cstackBANK0  0052
___fttol               text524      0814
___fttol@exp1          cstackBANK0  0034
___fttol@f1            cstackBANK0  0027
___fttol@lval          cstackBANK0  0030
___fttol@sign1         cstackBANK0  002F
___lldiv               text519      1406
___lldiv@counter       cstackCOMMON 007D
___lldiv@dividend      cstackCOMMON 0074
___lldiv@divisor       cstackCOMMON 0070
___lldiv@quotient      cstackCOMMON 0079
___llmod               text522      12D2
___llmod@counter       cstackBANK0  0029
___llmod@dividend      cstackBANK0  0024
___llmod@divisor       cstackBANK0  0020
___lltoft              text510      1256
___lltoft@c            cstackCOMMON 0078
___lltoft@exp          cstackCOMMON 007D
___wmul                text526      11FE
___wmul@multiplicand   cstackCOMMON 0072
___wmul@multiplier     cstackCOMMON 0070
___wmul@product        cstackCOMMON 0074
__div_to_l_            text528      0BED
__div_to_l_@cntr       cstackBANK0  0024
__div_to_l_@exp1       cstackBANK0  0025
__div_to_l_@f1         cstackCOMMON 0070
__div_to_l_@f2         cstackCOMMON 0073
__div_to_l_@quot       cstackBANK0  0020
__end_of_ADC           text505      09AB
__end_of_DC_ADC        text516      0AA3
__end_of___awdiv       text523      156A
__end_of___awmod       text518      139A
__end_of___awtoft      text511      1256
__end_of___bmul        text527      11FE
__end_of___ftadd       text514      0BED
__end_of___ftdiv       text513      1630
__end_of___ftge        text520      1406
__end_of___ftmul       text512      1800
__end_of___ftneg       text521      11CC
__end_of___ftpack      text525      14EF
__end_of___ftsub       text507      0029
__end_of___fttol       text524      08BA
__end_of___lldiv       text519      1474
__end_of___llmod       text522      1330
__end_of___lltoft      text510      128C
__end_of___wmul        text526      122A
__end_of__div_to_l_    text528      0D41
__end_of__tdiv_to_l_   text529      1712
__end_of_cmd           text517      0814
__end_of_dat           text515      11DF
__end_of_fround        text509      01D4
__end_of_main          maintext     12D2
__end_of_scale         text508      1000
__end_of_sprintf       text506      0800
__npowers_             strings      102E
__pcstackBANK0         cstackBANK0  0020
__pcstackBANK1         cstackBANK1  00A0
__pcstackCOMMON        cstackCOMMON 0070
__pmaintext            maintext     128C
__powers_              strings      1055
__pstrings             strings      1000
__ptext505             text505      08BA
__ptext506             text506      01D4
__ptext507             text507      000A
__ptext508             text508      0D41
__ptext509             text509      0029
__ptext510             text510      1256
__ptext511             text511      122A
__ptext512             text512      1712
__ptext513             text513      156A
__ptext514             text514      0AA3
__ptext515             text515      11CC
__ptext516             text516      09AB
__ptext517             text517      0800
__ptext518             text518      1330
__ptext519             text519      1406
__ptext520             text520      139A
__ptext521             text521      11C0
__ptext522             text522      12D2
__ptext523             text523      14EF
__ptext524             text524      0814
__ptext525             text525      1474
__ptext526             text526      11FE
__ptext527             text527      11DF
__ptext528             text528      0BED
__ptext529             text529      1630
__ptext530             text530      0000
__size_of_ADC          (abs)        0000
__size_of_DC_ADC       (abs)        0000
__size_of___awdiv      (abs)        0000
__size_of___awmod      (abs)        0000
__size_of___awtoft     (abs)        0000
__size_of___bmul       (abs)        0000
__size_of___ftadd      (abs)        0000
__size_of___ftdiv      (abs)        0000
__size_of___ftge       (abs)        0000
__size_of___ftmul      (abs)        0000
__size_of___ftneg      (abs)        0000
__size_of___ftpack     (abs)        0000
__size_of___ftsub      (abs)        0000
__size_of___fttol      (abs)        0000
__size_of___lldiv      (abs)        0000
__size_of___llmod      (abs)        0000
__size_of___lltoft     (abs)        0000
__size_of___wmul       (abs)        0000
__size_of__div_to_l_   (abs)        0000
__size_of__tdiv_to_l_  (abs)        0000
__size_of_cmd          (abs)        0000
__size_of_dat          (abs)        0000
__size_of_fround       (abs)        0000
__size_of_main         (abs)        0000
__size_of_scale        (abs)        0000
__size_of_sprintf      (abs)        0000
__tdiv_to_l_           text529      1630
__tdiv_to_l_@cntr      cstackBANK0  0024
__tdiv_to_l_@exp1      cstackBANK0  0025
__tdiv_to_l_@f1        cstackCOMMON 0070
__tdiv_to_l_@f2        cstackCOMMON 0073
__tdiv_to_l_@quot      cstackBANK0  0020
_cmd                   text517      0800
_dat                   text515      11CC
_dpowers               strings      1006
_exit                  init         0000
_fround                text509      0029
_fround$768            cstackBANK0  005E
_fround$769            cstackBANK0  005B
_main                  maintext     128C
_scale                 text508      0D41
_scale$770             cstackBANK0  004A
_sprintf               text506      01D4
_sprintf$389           cstackBANK1  00A0
btemp                  (abs)        007E
cmd@a                  cstackCOMMON 0072
dat@dis                cstackCOMMON 0070
end_of_initialization  cinit        0006
fround@prec            cstackBANK0  0061
intlevel0              functab      0000
intlevel1              functab      0000
intlevel2              functab      0000
intlevel3              functab      0000
intlevel4              functab      0000
intlevel5              functab      0000
reset_vec              reset_vec    0000
scale@scl              cstackBANK0  004D
sprintf@_val           cstackBANK1  00A9
sprintf@ap             cstackBANK1  00A4
sprintf@c              cstackBANK1  00B6
sprintf@exp            cstackBANK1  00B0
sprintf@f              cstackBANK0  0062
sprintf@flag           cstackBANK1  00A5
sprintf@fval           cstackBANK1  00B3
sprintf@integ          cstackBANK1  00AD
sprintf@prec           cstackBANK1  00A7
sprintf@sp             cstackBANK1  00B2
start                  init         0000
start_initialization   cinit        0006
wtemp0                 (abs)        007E
