HI-TECH Software C Compiler 

Linker command line:

--edf=C:\Program Files (x86)\HI-TECH Software\PICC\9.80\dat\en_msgs.txt -cs \
  -h+program.sym -z -Q16F877A -ol.obj -Mprogram.map -E1 -ACONST=00h-0FFhx32 \
  -ACODE=00h-07FFhx4 -ASTRCODE=00h-01FFFh -AENTRY=00h-0FFhx32 \
  -ASTRING=00h-0FFhx32 -ABANK0=020h-06Fh -ABANK1=0A0h-0EFh \
  -ABANK2=0110h-016Fh -ABANK3=0190h-01EFh \
  -ARAM=020h-06Fh,0A0h-0EFh,0110h-016Fh,0190h-01EFh \
  -AABS1=020h-07Fh,0A0h-0EFh,0110h-016Fh,0190h-01EFh -ACOMMON=070h-07Fh \
  -ASFR0=00h-01Fh -ASFR1=080h-09Fh -ASFR2=0100h-010Fh -ASFR3=0180h-018Fh \
  -preset_vec=00h,intentry,init,end_init -ppowerup=CODE -pfunctab=CODE \
  -ACONFIG=02007h-02007h -pconfig=CONFIG -DCONFIG=2 -AIDLOC=02000h-02003h \
  -pidloc=IDLOC -DIDLOC=2 -AEEDATA=00h-0FFh/02100h -peeprom_data=EEDATA \
  -DEEDATA=2 -DCODE=2 -DSTRCODE=2 -DSTRING=2 -DCONST=2 -DENTRY=2 -k \
  startup.obj program.obj 

Object code version is 3.10

Machine type is 16F877A



                Name                               Link     Load   Length Selector   Space Scale
startup.obj     end_init                              0        0        3        0       0
program.obj     text184                             5F1      5F1       20      BE2       0
                text183                             6BE      6BE       79      D7C       0
                text182                             652      652       6C      CA4       0
                text181                             5E0      5E0       11      BC0       0
                text180                             5D0      5D0       10      BA0       0
                text179                             737      737       C9      E6E       0
                maintext                            611      611       41      C22       0
                cstackBANK0                          20       20        8       20       1
                cstackCOMMON                         70       70        E       70       1
                cinit                               5CC      5CC        4      B98       0

TOTAL           Name                               Link     Load   Length     Space
        CLASS   CONST          

        CLASS   CODE           
                end_init                              0        0        3         0
                text184                             5F1      5F1       20         0
                text183                             6BE      6BE       79         0
                text182                             652      652       6C         0
                text181                             5E0      5E0       11         0
                text180                             5D0      5D0       10         0
                text179                             737      737       C9         0
                maintext                            611      611       41         0
                cinit                               5CC      5CC        4         0

        CLASS   STRCODE        

        CLASS   ENTRY          

        CLASS   STRING         

        CLASS   BANK0          
                cstackBANK0                          20       20        8         1

        CLASS   BANK1          

        CLASS   BANK2          

        CLASS   BANK3          

        CLASS   RAM            

        CLASS   ABS1           
                abs_s1                               7E       7E        2         1

        CLASS   COMMON         
                cstackCOMMON                         70       70        E         1

        CLASS   SFR0           

        CLASS   SFR1           

        CLASS   SFR2           

        CLASS   SFR3           

        CLASS   CONFIG         

        CLASS   IDLOC          

        CLASS   EEDATA         



SEGMENTS        Name                           Load    Length   Top    Selector   Space  Class     Delta

                reset_vec                      000000  000003  000003         0       0  CODE        2
                cstackBANK0                    000020  000008  000028        20       1  BANK0       1
                cstackCOMMON                   000070  00000E  00007E        70       1  COMMON      1
                cinit                          0005CC  000004  0005D0       B98       0  CODE        2
                text180                        0005D0  000010  0005E0       BA0       0  CODE        2
                text181                        0005E0  000011  0005F1       BC0       0  CODE        2
                text184                        0005F1  000020  000611       BE2       0  CODE        2
                maintext                       000611  000041  000652       C22       0  CODE        2
                text182                        000652  00006C  0006BE       CA4       0  CODE        2
                text183                        0006BE  000079  000737       D7C       0  CODE        2
                text179                        000737  0000C9  000800       E6E       0  CODE        2


UNUSED ADDRESS RANGES

        Name                Unused          Largest block    Delta
        BANK0            0028-006F             48           1
        BANK1            00A0-00EF             50           1
        BANK2            0110-016F             60           1
        BANK3            0190-01EF             60           1
        CODE             0003-05CB            5C9           2
                         0800-1FFF            800
        CONFIG           2007-2007              1           2
        CONST            0003-05CB            100           2
                         0800-1FFF            100
        EEDATA           2100-21FF            100           2
        ENTRY            0003-05CB            100           2
                         0800-1FFF            100
        IDLOC            2000-2003              4           2
        RAM              0028-006F             48           1
                         00A0-00EF             50
                         0110-016F             60
                         0190-01EF             60
        SFR0             0000-001F             20           1
        SFR1             0080-009F             20           1
        SFR2             0100-010F             10           1
        SFR3             0180-018F             10           1
        STRCODE          0003-05CB            5C9           2
                         0800-1FFF           1800
        STRING           0003-05CB            100           2
                         0800-1FFF            100

                                  Symbol Table

??_ADC                cstackBANK0  0024
??___awdiv            cstackCOMMON 0074
??___awmod            cstackCOMMON 007D
??_cmd                cstackCOMMON 0072
??_delay              cstackCOMMON 0070
??_dis                cstackCOMMON 007E
??_main               cstackCOMMON 007E
?_ADC                 cstackCOMMON 0070
?___awdiv             cstackCOMMON 0070
?___awmod             cstackCOMMON 0079
?_cmd                 cstackCOMMON 0070
?_delay               cstackCOMMON 0070
?_dis                 cstackBANK0  0022
?_main                cstackCOMMON 0070
ADC@ADVAL             cstackBANK0  0026
_ADC                  text179      0737
_ADCON0               (abs)        001F
_ADCON1               (abs)        009F
_ADRESH               (abs)        001E
_ADRESL               (abs)        009E
_GODONE               (abs)        00FA
_PORTB                (abs)        0006
_PORTC                (abs)        0007
_PORTD                (abs)        0008
_RC0                  (abs)        0038
_RC1                  (abs)        0039
_RC2                  (abs)        003A
_TRISB                (abs)        0086
_TRISC                (abs)        0087
_TRISD                (abs)        0088
__Habs1               abs1         0000
__Hbank0              bank0        0000
__Hbank1              bank1        0000
__Hbank2              bank2        0000
__Hbank3              bank3        0000
__Hcinit              cinit        0000
__Hclrtext            clrtext      0000
__Hcode               code         0000
__Hcommon             common       0000
__Hconfig             config       0000
__HcstackBANK0        cstackBANK0  0000
__HcstackCOMMON       cstackCOMMON 0000
__Heeprom_data        eeprom_data  0000
__Hend_init           end_init     0003
__Hfunctab            functab      0000
__Hidloc              idloc        0000
__Hinit               init         0000
__Hintentry           intentry     0000
__Hmaintext           maintext     0000
__Hpowerup            powerup      0000
__Hram                ram          0000
__Hreset_vec          reset_vec    0000
__Hsfr0               sfr0         0000
__Hsfr1               sfr1         0000
__Hsfr2               sfr2         0000
__Hsfr3               sfr3         0000
__Hstrings            strings      0000
__Htext               text         0000
__Labs1               abs1         0000
__Lbank0              bank0        0000
__Lbank1              bank1        0000
__Lbank2              bank2        0000
__Lbank3              bank3        0000
__Lcinit              cinit        0000
__Lclrtext            clrtext      0000
__Lcode               code         0000
__Lcommon             common       0000
__Lconfig             config       0000
__LcstackBANK0        cstackBANK0  0000
__LcstackCOMMON       cstackCOMMON 0000
__Leeprom_data        eeprom_data  0000
__Lend_init           end_init     0000
__Lfunctab            functab      0000
__Lidloc              idloc        0000
__Linit               init         0000
__Lintentry           intentry     0000
__Lmaintext           maintext     0000
__Lpowerup            powerup      0000
__Lram                ram          0000
__Lreset_vec          reset_vec    0000
__Lsfr0               sfr0         0000
__Lsfr1               sfr1         0000
__Lsfr2               sfr2         0000
__Lsfr3               sfr3         0000
__Lstrings            strings      0000
__Ltext               text         0000
__S0                  (abs)        0800
__S1                  (abs)        007E
__S2                  (abs)        0000
___awdiv              text183      06BE
___awdiv@counter      cstackCOMMON 0075
___awdiv@dividend     cstackCOMMON 0072
___awdiv@divisor      cstackCOMMON 0070
___awdiv@quotient     cstackCOMMON 0077
___awdiv@sign         cstackCOMMON 0076
___awmod              text182      0652
___awmod@counter      cstackBANK0  0020
___awmod@dividend     cstackCOMMON 007B
___awmod@divisor      cstackCOMMON 0079
___awmod@sign         cstackBANK0  0021
__end_of_ADC          text179      0800
__end_of___awdiv      text183      0737
__end_of___awmod      text182      06BE
__end_of_cmd          text181      05F1
__end_of_delay        text184      0611
__end_of_dis          text180      05E0
__end_of_main         maintext     0652
__pcstackBANK0        cstackBANK0  0020
__pcstackCOMMON       cstackCOMMON 0070
__pmaintext           maintext     0611
__ptext178            text178      0000
__ptext179            text179      0737
__ptext180            text180      05D0
__ptext181            text181      05E0
__ptext182            text182      0652
__ptext183            text183      06BE
__ptext184            text184      05F1
__ptext185            text185      0000
__size_of_ADC         (abs)        0000
__size_of___awdiv     (abs)        0000
__size_of___awmod     (abs)        0000
__size_of_cmd         (abs)        0000
__size_of_delay       (abs)        0000
__size_of_dis         (abs)        0000
__size_of_main        (abs)        0000
_cmd                  text181      05E0
_delay                text184      05F1
_dis                  text180      05D0
_exit                 init         0000
_main                 maintext     0611
btemp                 (abs)        007E
cmd@a                 cstackCOMMON 0072
delay@i               cstackCOMMON 0070
dis@dat               cstackBANK0  0022
end_of_initialization cinit        05CC
intlevel0             functab      0000
intlevel1             functab      0000
intlevel2             functab      0000
intlevel3             functab      0000
intlevel4             functab      0000
intlevel5             functab      0000
reset_vec             reset_vec    0000
start                 init         0000
start_initialization  cinit        05CC
wtemp0                (abs)        007E
